LAMMPS (5 Apr 2014)
Reading data file ...
  orthogonal box = (0 0 0) to (1207 1207 1207)
  1 by 2 by 3 MPI processor grid
  reading atoms ...
  25000 atoms
  reading velocities ...
  25000 velocities
5000 atoms in group Cu
20000 atoms in group Ar
WARNING: More than one compute cluster/atom (compute_cluster_atom.cpp:83)
WARNING: More than one compute cluster/atom (compute_cluster_atom.cpp:83)
Setting up run ...
Memory usage per processor = 7.52945 Mbytes
Step Temp E_pair E_mol TotEng Press 
       0    300.00407    10.208465            0    979.63392   0.63569663 
     100    303.66099   -1.7169292            0     979.5254    0.5944506 
     200    304.50461   -4.4362713            0    979.53212    0.6003738 
     300    303.61007   -1.5527374            0    979.52506   0.59549394 
     400    303.65809   -1.7068756            0    979.52611   0.59442228 
     500    303.65069   -1.6824406            0    979.52663   0.59505421 
     600    304.00687   -2.8502108            0    979.50979   0.60004203 
     700    303.61816   -1.5776622            0    979.52628   0.59493665 
     800    303.57303   -1.4266751            0    979.53145    0.5951481 
     900    303.95022    -2.641606            0    979.53535   0.59297294 
    1000    304.90549   -5.7356582            0    979.52811   0.59646615 
    1100    304.32066    -3.840718            0    979.53325   0.59495009 
    1200    303.63055   -1.6123574            0    979.53162   0.59498994 
    1300     303.8502   -2.3066007            0    979.54716   0.60166821 
    1400    304.60193   -4.7747624            0    979.50811   0.59810417 
    1500    303.57401   -1.4329934            0    979.52827   0.59599196 
    1600    303.60832   -1.5390123            0    979.53313    0.5957247 
    1700    303.98363   -2.7504704            0    979.53443   0.59508284 
    1800    303.70851   -1.8596248            0    979.53628    0.5950155 
    1900    303.81015   -2.1842937            0    979.54004   0.59425419 
    2000     304.0576   -2.9868758            0    979.53706   0.59365601 
    2100    304.99966   -6.0248493            0    979.54323   0.60302509 
    2200    303.70104   -1.8205265            0    979.55122   0.60142379 
    2300    303.57479   -1.4261391            0    979.53765   0.59505913 
    2400    303.57334   -1.4283735            0    979.53073   0.59583672 
    2500    304.09514   -3.1323564            0    979.51287   0.59994311 
    2600    303.68069   -1.7747176            0    979.53127   0.59472479 
    2700     304.1225   -3.2008321            0    979.53283   0.59446546 
    2800    304.59303   -4.7182284            0    979.53587   0.59332261 
    2900    303.57213   -1.3994512            0    979.55574   0.60272045 
    3000    303.81353   -2.1974717            0    979.53778   0.59354056 
    3100    303.68832    -1.793867            0    979.53677   0.59479431 
    3200    303.82695   -2.2410372            0    979.53757   0.59376191 
    3300    304.29872   -3.7732692            0     979.5298   0.59541949 
    3400    304.03188   -2.9042236            0     979.5366   0.59345301 
    3500    303.53865   -1.3100507            0    979.53697   0.59540746 
    3600    303.66915   -1.7303941            0    979.53831   0.59440616 
    3700    303.98833   -2.7623303            0    979.53778   0.59473509 
    3800    303.78988   -2.1246432            0    979.53417   0.59535893 
    3900    303.57483   -1.4313946            0    979.53253   0.59487233 
    4000    303.89029   -2.4405909            0    979.54269   0.60250222 
    4100    305.32808   -7.0984612            0    979.53087   0.59485233 
    4200    304.20371   -3.4840299            0    979.51203    0.5989679 
    4300    303.64504   -1.6567892            0    979.53401   0.59492843 
    4400    304.17568   -3.3700694            0    979.53544   0.59256284 
    4500    303.95798    -2.664401            0    979.53764   0.59519918 
    4600    303.60954   -1.5389628            0    979.53711   0.59557515 
    4700     304.3593    -3.978594            0    979.52025   0.59952911 
    4800    303.84008   -2.2877442            0    979.53329   0.59449788 
    4900    304.06168   -3.0047809            0    979.53234   0.59367774 
    5000    303.53622   -1.3114473            0     979.5277   0.59572269 
Loop time of 95.2411 on 6 procs for 5000 steps with 25000 atoms

Pair  time (%) = 0.399114 (0.419056)
Neigh time (%) = 0.300936 (0.315972)
Comm  time (%) = 0.163595 (0.171769)
Outpt time (%) = 72.8821 (76.5238)
Other time (%) = 21.4953 (22.5694)

Nlocal:    4166.67 ave 4268 max 4096 min
Histogram: 2 0 2 0 0 0 0 0 0 2
Nghost:    647.167 ave 714 max 616 min
Histogram: 1 3 0 0 1 0 0 0 0 1
Neighs:    411 ave 421 max 404 min
Histogram: 1 1 1 0 0 2 0 0 0 1
FullNghs:  821.667 ave 832 max 814 min
Histogram: 1 1 0 1 1 0 1 0 0 1

Total # of neighbors = 4930
Ave neighs/atom = 0.1972
Neighbor list builds = 192
Dangerous builds = 0
Step Temp E_pair E_mol TotEng Press 
forrtl: severe (24): end-of-file during read, unit 50000, file /storage/home/vorontsov/work/cluster_stat/test/dmp_clust5005.txt
Image              PC                Routine            Line        Source             
program.x          0000000000483A7E  Unknown               Unknown  Unknown
program.x          0000000000482516  Unknown               Unknown  Unknown
program.x          0000000000436A72  Unknown               Unknown  Unknown
program.x          00000000004112AB  Unknown               Unknown  Unknown
program.x          0000000000410812  Unknown               Unknown  Unknown
program.x          0000000000422500  Unknown               Unknown  Unknown
program.x          000000000040944F  Unknown               Unknown  Unknown
program.x          000000000040484C  Unknown               Unknown  Unknown
libc.so.6          00000033E281ECDD  Unknown               Unknown  Unknown
program.x          0000000000404749  Unknown               Unknown  Unknown
